// Jest Snapshot v1, https://goo.gl/fbAQLP

exports[`renders without crashing 1`] = `
<div>
  <p
    className="f3"
  >
    This Brain will detect faces in .jpg pictures! Give it a link and try it out!
  </p>
  <div
    className="center"
  >
    <div
      className="form center pa4 br3 shadow-5"
    >
      <input
        className="f4 pa2 w-70 center"
        type="tex"
      />
      <button
        className="w-30 grow f4 link ph3 pv2 dib white bg-light-purple"
      >
        Detect
      </button>
    </div>
  </div>
</div>
`;
